
> token-wand@1.0.0 typecheck
> tsc --noEmit

src/ui/components/cards/RoleGroupCard.tsx(346,9): error TS2322: Type '(string | undefined)[]' is not assignable to type 'string[]'.
  Type 'string | undefined' is not assignable to type 'string'.
    Type 'undefined' is not assignable to type 'string'.
src/ui/components/cards/RoleGroupCard.tsx(354,11): error TS2322: Type '(string | undefined)[]' is not assignable to type 'string[]'.
  Type 'string | undefined' is not assignable to type 'string'.
    Type 'undefined' is not assignable to type 'string'.
src/ui/components/cards/RoleGroupCard.tsx(469,64): error TS2345: Argument of type 'string | undefined' is not assignable to parameter of type 'string'.
  Type 'undefined' is not assignable to type 'string'.
src/ui/components/cards/RoleGroupCard.tsx(470,60): error TS2345: Argument of type 'string | undefined' is not assignable to parameter of type 'string'.
  Type 'undefined' is not assignable to type 'string'.
src/ui/lib/colorEngine.ts(5,15): error TS2305: Module '"../../shared/clrEngine"' has no exported member 'EngineConfig'.
src/ui/lib/presets/raw/apple.ts(89,9): error TS2741: Property 'mappingMethod' is missing in type '{ name: string; shorthand: string; variations: { name: string; shorthand: string; target: number; }[]; description: string; }' but required in type 'Role'.
src/ui/lib/presets/raw/apple.ts(108,13): error TS2741: Property 'target' is missing in type '{ name: string; shorthand: string; }' but required in type 'Variation'.
src/ui/lib/presets/raw/apple.ts(109,13): error TS2741: Property 'target' is missing in type '{ name: string; shorthand: string; }' but required in type 'Variation'.
src/ui/lib/presets/raw/apple.ts(110,13): error TS2741: Property 'target' is missing in type '{ name: string; shorthand: string; }' but required in type 'Variation'.
src/ui/lib/presets/raw/apple.ts(111,13): error TS2741: Property 'target' is missing in type '{ name: string; shorthand: string; }' but required in type 'Variation'.
src/ui/lib/presets/raw/apple.ts(122,11): error TS2353: Object literal may only specify known properties, and 'minContrast' does not exist in type 'Role'.
src/ui/lib/presets/raw/apple.ts(138,11): error TS2353: Object literal may only specify known properties, and 'minContrast' does not exist in type 'Role'.
src/ui/lib/presets/raw/apple.ts(154,11): error TS2353: Object literal may only specify known properties, and 'minContrast' does not exist in type 'Role'.
src/ui/lib/presets/raw/apple.ts(169,11): error TS2353: Object literal may only specify known properties, and 'minContrast' does not exist in type 'Role'.
src/ui/lib/presets/raw/apple.ts(185,11): error TS2353: Object literal may only specify known properties, and 'minContrast' does not exist in type 'Role'.
src/ui/lib/presets/raw/apple.ts(201,11): error TS2353: Object literal may only specify known properties, and 'minContrast' does not exist in type 'Role'.
src/ui/lib/presets/raw/apple.ts(217,11): error TS2353: Object literal may only specify known properties, and 'minContrast' does not exist in type 'Role'.
src/ui/lib/presets/raw/atlassian.ts(88,20): error TS2741: Property 'target' is missing in type '{ name: string; shorthand: string; }' but required in type 'Variation'.
src/ui/lib/presets/raw/atlassian.ts(112,9): error TS2741: Property 'mappingMethod' is missing in type '{ name: string; shorthand: string; variations: { name: string; shorthand: string; target: number; }[]; description: string; }' but required in type 'Role'.
src/ui/lib/presets/raw/atlassian.ts(130,9): error TS2741: Property 'mappingMethod' is missing in type '{ name: string; shorthand: string; variations: { name: string; shorthand: string; target: number; }[]; description: string; }' but required in type 'Role'.
src/ui/lib/presets/raw/atlassian.ts(148,9): error TS2741: Property 'mappingMethod' is missing in type '{ name: string; shorthand: string; variations: { name: string; shorthand: string; target: number; }[]; description: string; }' but required in type 'Role'.
src/ui/lib/presets/raw/atlassian.ts(163,9): error TS2741: Property 'mappingMethod' is missing in type '{ name: string; shorthand: string; variations: { name: string; shorthand: string; target: number; }[]; description: string; }' but required in type 'Role'.
src/ui/lib/presets/raw/atlassian.ts(178,9): error TS2741: Property 'mappingMethod' is missing in type '{ name: string; shorthand: string; variations: { name: string; shorthand: string; target: number; }[]; description: string; }' but required in type 'Role'.
src/ui/lib/presets/raw/atlassian.ts(193,9): error TS2741: Property 'mappingMethod' is missing in type '{ name: string; shorthand: string; variations: { name: string; shorthand: string; target: number; }[]; description: string; }' but required in type 'Role'.
src/ui/lib/presets/raw/atlassian.ts(208,9): error TS2741: Property 'mappingMethod' is missing in type '{ name: string; shorthand: string; variations: { name: string; shorthand: string; target: number; }[]; description: string; }' but required in type 'Role'.
src/ui/lib/presets/raw/atlassian.ts(223,9): error TS2741: Property 'mappingMethod' is missing in type '{ name: string; shorthand: string; variations: { name: string; shorthand: string; target: number; }[]; description: string; }' but required in type 'Role'.
src/ui/lib/presets/raw/atlassian.ts(238,9): error TS2741: Property 'mappingMethod' is missing in type '{ name: string; shorthand: string; variations: { name: string; shorthand: string; target: number; }[]; description: string; }' but required in type 'Role'.
src/ui/lib/presets/raw/atlassian.ts(254,9): error TS2741: Property 'mappingMethod' is missing in type '{ name: string; shorthand: string; variations: { name: string; shorthand: string; target: number; }[]; description: string; }' but required in type 'Role'.
src/ui/lib/presets/raw/atlassian.ts(269,9): error TS2741: Property 'mappingMethod' is missing in type '{ name: string; shorthand: string; variations: { name: string; shorthand: string; target: number; }[]; description: string; }' but required in type 'Role'.
src/ui/lib/presets/raw/atlassian.ts(277,9): error TS2741: Property 'mappingMethod' is missing in type '{ name: string; shorthand: string; variations: { name: string; shorthand: string; target: number; }[]; description: string; }' but required in type 'Role'.
src/ui/lib/presets/raw/atlassian.ts(285,9): error TS2741: Property 'mappingMethod' is missing in type '{ name: string; shorthand: string; variations: { name: string; shorthand: string; target: number; }[]; description: string; }' but required in type 'Role'.
src/ui/lib/presets/raw/atlassian.ts(294,9): error TS2741: Property 'mappingMethod' is missing in type '{ name: string; shorthand: string; variations: { name: string; shorthand: string; target: number; }[]; description: string; }' but required in type 'Role'.
src/ui/lib/presets/raw/atlassian.ts(302,9): error TS2741: Property 'mappingMethod' is missing in type '{ name: string; shorthand: string; variations: { name: string; shorthand: string; target: number; }[]; description: string; }' but required in type 'Role'.
src/ui/lib/presets/raw/atlassian.ts(310,9): error TS2741: Property 'mappingMethod' is missing in type '{ name: string; shorthand: string; variations: { name: string; shorthand: string; target: number; }[]; description: string; }' but required in type 'Role'.
src/ui/lib/presets/raw/atlassian.ts(323,9): error TS2741: Property 'mappingMethod' is missing in type '{ name: string; shorthand: string; variations: { name: string; shorthand: string; target: number; }[]; description: string; }' but required in type 'Role'.
src/ui/lib/presets/raw/atlassian.ts(335,9): error TS2741: Property 'mappingMethod' is missing in type '{ name: string; shorthand: string; variations: { name: string; shorthand: string; target: number; }[]; description: string; }' but required in type 'Role'.
src/ui/lib/presets/raw/atlassian.ts(343,9): error TS2741: Property 'mappingMethod' is missing in type '{ name: string; shorthand: string; variations: { name: string; shorthand: string; target: number; }[]; description: string; }' but required in type 'Role'.
src/ui/lib/presets/raw/atlassian.ts(351,9): error TS2741: Property 'mappingMethod' is missing in type '{ name: string; shorthand: string; variations: { name: string; shorthand: string; target: number; }[]; description: string; }' but required in type 'Role'.
src/ui/lib/presets/raw/atlassian.ts(360,9): error TS2741: Property 'mappingMethod' is missing in type '{ name: string; shorthand: string; variations: { name: string; shorthand: string; target: number; }[]; description: string; }' but required in type 'Role'.
src/ui/lib/presets/raw/atlassian.ts(368,9): error TS2741: Property 'mappingMethod' is missing in type '{ name: string; shorthand: string; variations: { name: string; shorthand: string; target: number; }[]; description: string; }' but required in type 'Role'.
src/ui/lib/presets/raw/atlassian.ts(376,9): error TS2741: Property 'mappingMethod' is missing in type '{ name: string; shorthand: string; variations: { name: string; shorthand: string; target: number; }[]; description: string; }' but required in type 'Role'.
src/ui/lib/presets/raw/atlassian.ts(389,9): error TS2741: Property 'mappingMethod' is missing in type '{ name: string; shorthand: string; variations: { name: string; shorthand: string; target: number; }[]; description: string; }' but required in type 'Role'.
src/ui/lib/presets/raw/atlassian.ts(403,9): error TS2741: Property 'mappingMethod' is missing in type '{ name: string; shorthand: string; variations: { name: string; shorthand: string; target: number; }[]; description: string; }' but required in type 'Role'.
src/ui/lib/presets/raw/atlassian.ts(411,9): error TS2741: Property 'mappingMethod' is missing in type '{ name: string; shorthand: string; variations: { name: string; shorthand: string; target: number; }[]; description: string; }' but required in type 'Role'.
src/ui/lib/presets/raw/atlassian.ts(419,9): error TS2741: Property 'mappingMethod' is missing in type '{ name: string; shorthand: string; variations: { name: string; shorthand: string; target: number; }[]; description: string; }' but required in type 'Role'.
src/ui/lib/presets/raw/atlassian.ts(427,9): error TS2741: Property 'mappingMethod' is missing in type '{ name: string; shorthand: string; variations: { name: string; shorthand: string; target: number; }[]; description: string; }' but required in type 'Role'.
src/ui/lib/presets/raw/atlassian.ts(435,9): error TS2741: Property 'mappingMethod' is missing in type '{ name: string; shorthand: string; variations: { name: string; shorthand: string; target: number; }[]; description: string; }' but required in type 'Role'.
src/ui/lib/presets/raw/atlassian.ts(443,9): error TS2741: Property 'mappingMethod' is missing in type '{ name: string; shorthand: string; variations: { name: string; shorthand: string; target: number; }[]; description: string; }' but required in type 'Role'.
src/ui/lib/presets/raw/atlassian.ts(456,9): error TS2741: Property 'mappingMethod' is missing in type '{ name: string; shorthand: string; variations: { name: string; shorthand: string; target: number; }[]; description: string; }' but required in type 'Role'.
src/ui/lib/presets/raw/atlassian.ts(470,9): error TS2741: Property 'mappingMethod' is missing in type '{ name: string; shorthand: string; variations: { name: string; shorthand: string; target: number; }[]; description: string; }' but required in type 'Role'.
src/ui/lib/presets/raw/atlassian.ts(492,9): error TS2741: Property 'mappingMethod' is missing in type '{ name: string; shorthand: string; variations: { name: string; shorthand: string; target: number; }[]; description: string; }' but required in type 'Role'.
src/ui/lib/presets/raw/atlassian.ts(506,9): error TS2741: Property 'mappingMethod' is missing in type '{ name: string; shorthand: string; variations: { name: string; shorthand: string; target: number; }[]; description: string; }' but required in type 'Role'.
src/ui/lib/presets/raw/atlassian.ts(520,9): error TS2741: Property 'mappingMethod' is missing in type '{ name: string; shorthand: string; variations: { name: string; shorthand: string; target: number; }[]; description: string; }' but required in type 'Role'.
src/ui/lib/presets/raw/blank.ts(27,7): error TS2353: Object literal may only specify known properties, and 'tokenGrouping' does not exist in type 'Partial<Omit<ProjectStore, "versions">>'.
src/ui/lib/presets/raw/carbon.ts(87,20): error TS2741: Property 'target' is missing in type '{ name: string; shorthand: string; }' but required in type 'Variation'.
src/ui/lib/presets/raw/carbon.ts(100,9): error TS2741: Property 'mappingMethod' is missing in type '{ name: string; shorthand: string; variations: { name: string; shorthand: string; target: number; }[]; description: string; }' but required in type 'Role'.
src/ui/lib/presets/raw/carbon.ts(115,9): error TS2741: Property 'mappingMethod' is missing in type '{ name: string; shorthand: string; variations: { name: string; shorthand: string; target: number; }[]; description: string; }' but required in type 'Role'.
src/ui/lib/presets/raw/carbon.ts(128,9): error TS2741: Property 'mappingMethod' is missing in type '{ name: string; shorthand: string; variations: { name: string; shorthand: string; target: number; }[]; description: string; }' but required in type 'Role'.
src/ui/lib/presets/raw/carbon.ts(141,9): error TS2741: Property 'mappingMethod' is missing in type '{ name: string; shorthand: string; variations: { name: string; shorthand: string; target: number; }[]; description: string; }' but required in type 'Role'.
src/ui/lib/presets/raw/carbon.ts(155,9): error TS2741: Property 'mappingMethod' is missing in type '{ name: string; shorthand: string; variations: { name: string; shorthand: string; target: number; }[]; description: string; }' but required in type 'Role'.
src/ui/lib/presets/raw/carbon.ts(167,9): error TS2741: Property 'mappingMethod' is missing in type '{ name: string; shorthand: string; variations: { name: string; shorthand: string; target: number; }[]; description: string; }' but required in type 'Role'.
src/ui/lib/presets/raw/carbon.ts(179,9): error TS2741: Property 'mappingMethod' is missing in type '{ name: string; shorthand: string; variations: { name: string; shorthand: string; target: number; }[]; description: string; }' but required in type 'Role'.
src/ui/lib/presets/raw/carbon.ts(192,9): error TS2741: Property 'mappingMethod' is missing in type '{ name: string; shorthand: string; variations: { name: string; shorthand: string; target: number; }[]; description: string; }' but required in type 'Role'.
src/ui/lib/presets/raw/carbon.ts(205,9): error TS2741: Property 'mappingMethod' is missing in type '{ name: string; shorthand: string; variations: { name: string; shorthand: string; target: number; }[]; description: string; }' but required in type 'Role'.
src/ui/lib/presets/raw/material.ts(92,20): error TS2741: Property 'target' is missing in type '{ name: string; shorthand: string; }' but required in type 'Variation'.
src/ui/lib/presets/raw/material.ts(110,9): error TS2741: Property 'mappingMethod' is missing in type '{ name: string; shorthand: string; variations: { name: string; shorthand: string; target: number; }[]; description: string; }' but required in type 'Role'.
src/ui/lib/presets/raw/material.ts(126,9): error TS2741: Property 'mappingMethod' is missing in type '{ name: string; shorthand: string; variations: { name: string; shorthand: string; target: number; }[]; description: string; }' but required in type 'Role'.
src/ui/lib/presets/raw/material.ts(140,9): error TS2741: Property 'mappingMethod' is missing in type '{ name: string; shorthand: string; variations: { name: string; shorthand: string; target: number; }[]; description: string; }' but required in type 'Role'.
src/ui/lib/presets/raw/material.ts(154,9): error TS2741: Property 'mappingMethod' is missing in type '{ name: string; shorthand: string; variations: { name: string; shorthand: string; target: number; }[]; description: string; }' but required in type 'Role'.
src/ui/lib/presets/raw/material.ts(169,9): error TS2741: Property 'mappingMethod' is missing in type '{ name: string; shorthand: string; variations: { name: string; shorthand: string; target: number; }[]; description: string; }' but required in type 'Role'.
src/ui/lib/presets/raw/material.ts(181,9): error TS2741: Property 'mappingMethod' is missing in type '{ name: string; shorthand: string; variations: { name: string; shorthand: string; target: number; }[]; description: string; }' but required in type 'Role'.
src/ui/lib/presets/raw/material.ts(196,9): error TS2741: Property 'mappingMethod' is missing in type '{ name: string; shorthand: string; variations: { name: string; shorthand: string; target: number; }[]; description: string; }' but required in type 'Role'.
src/ui/lib/presets/raw/material.ts(209,9): error TS2741: Property 'mappingMethod' is missing in type '{ name: string; shorthand: string; variations: { name: string; shorthand: string; target: number; }[]; description: string; }' but required in type 'Role'.
src/ui/lib/presets/raw/material.ts(220,9): error TS2741: Property 'mappingMethod' is missing in type '{ name: string; shorthand: string; variations: { name: string; shorthand: string; target: number; }[]; description: string; }' but required in type 'Role'.
src/ui/lib/presets/raw/material.ts(231,9): error TS2741: Property 'mappingMethod' is missing in type '{ name: string; shorthand: string; variations: { name: string; shorthand: string; target: number; }[]; description: string; }' but required in type 'Role'.
src/ui/lib/presets/raw/material.ts(243,9): error TS2741: Property 'mappingMethod' is missing in type '{ name: string; shorthand: string; variations: { name: string; shorthand: string; target: number; }[]; description: string; }' but required in type 'Role'.
src/ui/lib/presets/raw/material.ts(255,9): error TS2741: Property 'mappingMethod' is missing in type '{ name: string; shorthand: string; variations: { name: string; shorthand: string; target: number; }[]; description: string; }' but required in type 'Role'.
src/ui/lib/presets/raw/material.ts(266,9): error TS2741: Property 'mappingMethod' is missing in type '{ name: string; shorthand: string; variations: { name: string; shorthand: string; target: number; }[]; description: string; }' but required in type 'Role'.
src/ui/lib/presets/raw/nclarity.ts(106,18): error TS2741: Property 'target' is missing in type '{ name: string; shorthand: string; }' but required in type 'Variation'.
src/ui/lib/presets/raw/nclarity.ts(136,7): error TS2741: Property 'mappingMethod' is missing in type '{ name: string; shorthand: string; solverMode: "natural"; variations: { name: string; shorthand: string; target: number; }[]; }' but required in type 'Role'.
src/ui/lib/presets/raw/nclarity.ts(151,7): error TS2741: Property 'mappingMethod' is missing in type '{ name: string; shorthand: string; solverMode: "natural"; variations: { name: string; shorthand: string; target: number; }[]; }' but required in type 'Role'.
src/ui/lib/presets/raw/nclarity.ts(166,7): error TS2741: Property 'mappingMethod' is missing in type '{ name: string; shorthand: string; solverMode: "natural"; variations: { name: string; shorthand: string; target: number; }[]; }' but required in type 'Role'.
src/ui/lib/presets/raw/nclarity.ts(183,7): error TS2741: Property 'mappingMethod' is missing in type '{ name: string; shorthand: string; solverMode: "saturated"; variations: { name: string; shorthand: string; target: number; }[]; }' but required in type 'Role'.
src/ui/lib/presets/raw/nclarity.ts(212,11): error TS2322: Type '"token"' is not assignable to type 'RoleLocalBgKind'.
src/ui/lib/presets/raw/nclarity.ts(221,7): error TS2741: Property 'mappingMethod' is missing in type '{ name: string; shorthand: string; solverMode: "natural"; variations: { name: string; shorthand: string; target: number; }[]; }' but required in type 'Role'.
src/ui/lib/presets/raw/nclarity.ts(237,7): error TS2741: Property 'mappingMethod' is missing in type '{ name: string; shorthand: string; solverMode: "chroma-maximized"; variations: { name: string; shorthand: string; target: number; }[]; scopedColorIds: string[]; }' but required in type 'Role'.
src/ui/lib/presets/raw/nclarity.ts(238,7): error TS2741: Property 'mappingMethod' is missing in type '{ name: string; shorthand: string; solverMode: "chroma-maximized"; variations: { name: string; shorthand: string; target: number; }[]; scopedColorIds: string[]; }' but required in type 'Role'.
src/ui/lib/presets/raw/nclarity.ts(239,7): error TS2741: Property 'mappingMethod' is missing in type '{ name: string; shorthand: string; solverMode: "chroma-maximized"; variations: { name: string; shorthand: string; target: number; }[]; scopedColorIds: string[]; }' but required in type 'Role'.
src/ui/lib/presets/raw/nclarity.ts(240,7): error TS2741: Property 'mappingMethod' is missing in type '{ name: string; shorthand: string; solverMode: "chroma-maximized"; variations: { name: string; shorthand: string; target: number; }[]; scopedColorIds: string[]; }' but required in type 'Role'.
src/ui/lib/presets/raw/nclarity.ts(241,7): error TS2741: Property 'mappingMethod' is missing in type '{ name: string; shorthand: string; solverMode: "chroma-maximized"; variations: { name: string; shorthand: string; target: number; }[]; scopedColorIds: string[]; }' but required in type 'Role'.
src/ui/lib/presets/raw/polaris.ts(90,20): error TS2741: Property 'target' is missing in type '{ name: string; shorthand: string; }' but required in type 'Variation'.
src/ui/lib/presets/raw/polaris.ts(103,9): error TS2741: Property 'mappingMethod' is missing in type '{ name: string; shorthand: string; variations: { name: string; shorthand: string; target: number; }[]; description: string; }' but required in type 'Role'.
src/ui/lib/presets/raw/polaris.ts(116,9): error TS2741: Property 'mappingMethod' is missing in type '{ name: string; shorthand: string; variations: { name: string; shorthand: string; target: number; }[]; description: string; }' but required in type 'Role'.
src/ui/lib/presets/raw/polaris.ts(130,9): error TS2741: Property 'mappingMethod' is missing in type '{ name: string; shorthand: string; variations: { name: string; shorthand: string; target: number; }[]; description: string; }' but required in type 'Role'.
src/ui/lib/presets/raw/polaris.ts(144,9): error TS2741: Property 'mappingMethod' is missing in type '{ name: string; shorthand: string; variations: { name: string; shorthand: string; target: number; }[]; description: string; }' but required in type 'Role'.
src/ui/lib/presets/raw/polaris.ts(157,9): error TS2741: Property 'mappingMethod' is missing in type '{ name: string; shorthand: string; variations: { name: string; shorthand: string; target: number; }[]; description: string; }' but required in type 'Role'.
src/ui/lib/presets/raw/polaris.ts(171,9): error TS2741: Property 'mappingMethod' is missing in type '{ name: string; shorthand: string; variations: { name: string; shorthand: string; target: number; }[]; description: string; }' but required in type 'Role'.
src/ui/lib/presets/raw/polaris.ts(186,9): error TS2741: Property 'mappingMethod' is missing in type '{ name: string; shorthand: string; variations: { name: string; shorthand: string; target: number; }[]; description: string; }' but required in type 'Role'.
src/ui/lib/presets/raw/polaris.ts(200,9): error TS2741: Property 'mappingMethod' is missing in type '{ name: string; shorthand: string; variations: { name: string; shorthand: string; target: number; }[]; description: string; }' but required in type 'Role'.
src/ui/lib/presets/raw/polaris.ts(213,9): error TS2741: Property 'mappingMethod' is missing in type '{ name: string; shorthand: string; variations: { name: string; shorthand: string; target: number; }[]; description: string; }' but required in type 'Role'.
src/ui/lib/presets/raw/polaris.ts(226,9): error TS2741: Property 'mappingMethod' is missing in type '{ name: string; shorthand: string; variations: { name: string; shorthand: string; target: number; }[]; description: string; }' but required in type 'Role'.
src/ui/lib/presets/raw/polaris.ts(239,9): error TS2741: Property 'mappingMethod' is missing in type '{ name: string; shorthand: string; variations: { name: string; shorthand: string; target: number; }[]; description: string; }' but required in type 'Role'.
src/ui/lib/presets/raw/polaris.ts(253,9): error TS2741: Property 'mappingMethod' is missing in type '{ name: string; shorthand: string; variations: { name: string; shorthand: string; target: number; }[]; description: string; }' but required in type 'Role'.
src/ui/lib/presets/raw/radix.ts(42,29): error TS2307: Cannot find module '../types' or its corresponding type declarations.
src/ui/lib/presets/raw/showcase.ts(147,7): error TS2741: Property 'mappingMethod' is missing in type '{ name: string; shorthand: string; variations: { name: string; shorthand: string; target: number; }[]; description: string; }' but required in type 'Role'.
src/ui/lib/presets/raw/showcase.ts(162,7): error TS2741: Property 'mappingMethod' is missing in type '{ name: string; shorthand: string; variations: { name: string; shorthand: string; target: number; }[]; description: string; }' but required in type 'Role'.
src/ui/lib/presets/raw/showcase.ts(177,7): error TS2741: Property 'mappingMethod' is missing in type '{ name: string; shorthand: string; variations: { name: string; shorthand: string; target: number; }[]; description: string; }' but required in type 'Role'.
src/ui/lib/presets/raw/showcase.ts(192,7): error TS2741: Property 'mappingMethod' is missing in type '{ name: string; shorthand: string; variations: { name: string; shorthand: string; target: number; }[]; description: string; }' but required in type 'Role'.
src/ui/lib/presets/raw/showcase.ts(207,7): error TS2741: Property 'mappingMethod' is missing in type '{ name: string; shorthand: string; variations: { name: string; shorthand: string; target: number; }[]; description: string; }' but required in type 'Role'.
src/ui/lib/presets/raw/showcase.ts(221,7): error TS2741: Property 'mappingMethod' is missing in type '{ name: string; shorthand: string; variations: { name: string; shorthand: string; target: number; }[]; scopedColorIds: string[]; description: string; }' but required in type 'Role'.
src/ui/lib/presets/raw/showcase.ts(222,7): error TS2741: Property 'mappingMethod' is missing in type '{ name: string; shorthand: string; variations: { name: string; shorthand: string; target: number; }[]; scopedColorIds: string[]; description: string; }' but required in type 'Role'.
src/ui/lib/presets/raw/showcase.ts(223,7): error TS2741: Property 'mappingMethod' is missing in type '{ name: string; shorthand: string; variations: { name: string; shorthand: string; target: number; }[]; scopedColorIds: string[]; description: string; }' but required in type 'Role'.
src/ui/lib/presets/raw/showcase.ts(224,7): error TS2741: Property 'mappingMethod' is missing in type '{ name: string; shorthand: string; variations: { name: string; shorthand: string; target: number; }[]; scopedColorIds: string[]; description: string; }' but required in type 'Role'.
src/ui/lib/presets/raw/showcase.ts(278,7): error TS2741: Property 'mappingMethod' is missing in type '{ name: string; shorthand: string; solverMode: "natural"; variations: { name: string; shorthand: string; target: number; }[]; description: string; }' but required in type 'Role'.
src/ui/lib/presets/raw/showcase.ts(293,7): error TS2741: Property 'mappingMethod' is missing in type '{ name: string; shorthand: string; solverMode: "natural"; variations: { name: string; shorthand: string; target: number; }[]; description: string; }' but required in type 'Role'.
src/ui/lib/presets/raw/showcase.ts(310,7): error TS2741: Property 'mappingMethod' is missing in type '{ name: string; shorthand: string; solverMode: "luminance"; variations: { name: string; shorthand: string; target: number; }[]; localBg: { kind: "token-dynamic"; value: string; }; description: string; }' but required in type 'Role'.
src/ui/lib/presets/raw/showcase.ts(329,7): error TS2741: Property 'mappingMethod' is missing in type '{ name: string; shorthand: string; solverMode: "natural"; variations: { name: string; shorthand: string; target: number; }[]; description: string; }' but required in type 'Role'.
src/ui/lib/presets/raw/showcase.ts(344,7): error TS2741: Property 'mappingMethod' is missing in type '{ name: string; shorthand: string; solverMode: "natural"; variations: { name: string; shorthand: string; target: number; }[]; description: string; }' but required in type 'Role'.
src/ui/lib/presets/raw/showcase.ts(359,7): error TS2741: Property 'mappingMethod' is missing in type '{ name: string; shorthand: string; solverMode: "chroma-maximized"; variations: { name: string; shorthand: string; target: number; }[]; scopedColorIds: string[]; description: string; }' but required in type 'Role'.
src/ui/lib/presets/raw/showcase.ts(373,7): error TS2741: Property 'mappingMethod' is missing in type '{ name: string; shorthand: string; solverMode: "chroma-maximized"; variations: { name: string; shorthand: string; target: number; }[]; scopedColorIds: string[]; description: string; }' but required in type 'Role'.
src/ui/lib/presets/raw/showcase.ts(387,7): error TS2741: Property 'mappingMethod' is missing in type '{ name: string; shorthand: string; solverMode: "chroma-maximized"; variations: { name: string; shorthand: string; target: number; }[]; scopedColorIds: string[]; description: string; }' but required in type 'Role'.
src/ui/lib/presets/raw/showcase.ts(401,7): error TS2741: Property 'mappingMethod' is missing in type '{ name: string; shorthand: string; solverMode: "chroma-maximized"; variations: { name: string; shorthand: string; target: number; }[]; scopedColorIds: string[]; description: string; }' but required in type 'Role'.
src/ui/screens/CanvasPreviewDevOverlay.tsx(119,15): error TS2339: Property 'localBg' does not exist on type '{ localBgResolved: Record<string, string> | null; localBgTokenRef: string | null; localBgDynamicRef: string | null; }'.
src/ui/screens/CanvasPreviewDevOverlay.tsx(504,46): error TS2345: Argument of type 'string' is not assignable to parameter of type 'boolean'.
src/ui/screens/CanvasPreviewDevOverlay.tsx(527,19): error TS2322: Type 'string | undefined' is not assignable to type 'string'.
  Type 'undefined' is not assignable to type 'string'.
src/ui/screens/CanvasPreviewDevOverlay.tsx(644,25): error TS2322: Type 'string | undefined' is not assignable to type 'string'.
  Type 'undefined' is not assignable to type 'string'.
src/ui/screens/CanvasPreviewDevOverlay.tsx(783,39): error TS2322: Type 'string | undefined' is not assignable to type 'string'.
  Type 'undefined' is not assignable to type 'string'.
src/ui/screens/CanvasPreviewDevOverlay.tsx(918,44): error TS2345: Argument of type 'EngineResult | null' is not assignable to parameter of type 'boolean'.
  Type 'null' is not assignable to type 'boolean'.
src/ui/screens/CanvasPreviewDevTree.tsx(418,54): error TS2304: Cannot find name 'EngineConfig'.
src/ui/screens/CanvasPreviewDevTree.tsx(436,29): error TS7006: Parameter 'c' implicitly has an 'any' type.
src/ui/screens/CanvasPreviewDevTree.tsx(452,29): error TS7006: Parameter 't' implicitly has an 'any' type.
src/ui/screens/CanvasPreviewDevTree.tsx(463,28): error TS7006: Parameter 'r' implicitly has an 'any' type.
src/ui/screens/CanvasPreviewDevTree.tsx(463,31): error TS7006: Parameter 'i' implicitly has an 'any' type.
src/ui/screens/CanvasPreviewDevTree.tsx(471,83): error TS7006: Parameter 'v' implicitly has an 'any' type.
src/ui/screens/CanvasPreviewDevTree.tsx(489,33): error TS7006: Parameter 'v' implicitly has an 'any' type.
src/ui/screens/CanvasPreviewDevTree.tsx(489,36): error TS7006: Parameter 'i' implicitly has an 'any' type.
src/ui/screens/CanvasPreviewDevTree.tsx(550,110): error TS2304: Cannot find name 'EngineConfig'.
src/ui/screens/ColorsScreen.tsx(65,98): error TS2322: Type 'string | undefined' is not assignable to type 'UniqueIdentifier'.
  Type 'undefined' is not assignable to type 'UniqueIdentifier'.
src/ui/screens/ColorsScreen.tsx(73,24): error TS2345: Argument of type 'string | undefined' is not assignable to parameter of type 'string'.
  Type 'undefined' is not assignable to type 'string'.
src/ui/screens/ColorsScreen.tsx(89,57): error TS2345: Argument of type 'Color[]' is not assignable to parameter of type '{ _id: string; name: string; }[]'.
  Type 'Color' is not assignable to type '{ _id: string; name: string; }'.
    Types of property '_id' are incompatible.
      Type 'string | undefined' is not assignable to type 'string'.
        Type 'undefined' is not assignable to type 'string'.
src/ui/screens/ColorsScreen.tsx(100,64): error TS2345: Argument of type 'string | undefined' is not assignable to parameter of type 'string'.
  Type 'undefined' is not assignable to type 'string'.
src/ui/screens/ColorsScreen.tsx(102,27): error TS2345: Argument of type 'string | undefined' is not assignable to parameter of type 'string'.
  Type 'undefined' is not assignable to type 'string'.
src/ui/screens/ColorsScreen.tsx(109,27): error TS2345: Argument of type 'string | undefined' is not assignable to parameter of type 'string'.
  Type 'undefined' is not assignable to type 'string'.
src/ui/screens/ColorsScreen.tsx(116,39): error TS2345: Argument of type 'string | undefined' is not assignable to parameter of type 'string'.
  Type 'undefined' is not assignable to type 'string'.
src/ui/screens/ColorsScreen.tsx(125,60): error TS2345: Argument of type 'Set<string | undefined>' is not assignable to parameter of type 'SetStateAction<Set<string>>'.
  Type 'Set<string | undefined>' is not assignable to type 'Set<string>'.
    Type 'string | undefined' is not assignable to type 'string'.
      Type 'undefined' is not assignable to type 'string'.
src/ui/screens/ColorsScreen.tsx(200,32): error TS2345: Argument of type 'string | undefined' is not assignable to parameter of type 'string'.
  Type 'undefined' is not assignable to type 'string'.
src/ui/screens/ColorsScreen.tsx(206,68): error TS2345: Argument of type 'string | undefined' is not assignable to parameter of type 'string'.
  Type 'undefined' is not assignable to type 'string'.
src/ui/screens/ColorsScreen.tsx(208,32): error TS2345: Argument of type 'string | undefined' is not assignable to parameter of type 'string'.
  Type 'undefined' is not assignable to type 'string'.
src/ui/screens/ColorsScreen.tsx(278,33): error TS2345: Argument of type 'string | undefined' is not assignable to parameter of type 'string'.
  Type 'undefined' is not assignable to type 'string'.
src/ui/screens/ColorsScreen.tsx(310,35): error TS2345: Argument of type 'string | undefined' is not assignable to parameter of type 'string'.
  Type 'undefined' is not assignable to type 'string'.
src/ui/screens/ColorsScreen.tsx(364,29): error TS2739: Type '{ _id: string; name: string; }' is missing the following properties from type 'Color': shorthand, value
src/ui/screens/ColorsScreen.tsx(404,32): error TS2345: Argument of type 'string | undefined' is not assignable to parameter of type 'string'.
  Type 'undefined' is not assignable to type 'string'.
src/ui/screens/ColorsScreen.tsx(439,64): error TS2345: Argument of type 'string | undefined' is not assignable to parameter of type 'string'.
  Type 'undefined' is not assignable to type 'string'.
src/ui/screens/ColorsScreen.tsx(441,27): error TS2345: Argument of type 'string | undefined' is not assignable to parameter of type 'string'.
  Type 'undefined' is not assignable to type 'string'.
src/ui/screens/ColorsScreen.tsx(448,27): error TS2345: Argument of type 'string | undefined' is not assignable to parameter of type 'string'.
  Type 'undefined' is not assignable to type 'string'.
src/ui/screens/ColorsScreen.tsx(455,39): error TS2345: Argument of type 'string | undefined' is not assignable to parameter of type 'string'.
  Type 'undefined' is not assignable to type 'string'.
src/ui/screens/ColorsScreen.tsx(464,60): error TS2345: Argument of type 'Set<string | undefined>' is not assignable to parameter of type 'SetStateAction<Set<string>>'.
  Type 'Set<string | undefined>' is not assignable to type 'Set<string>'.
    Type 'string | undefined' is not assignable to type 'string'.
      Type 'undefined' is not assignable to type 'string'.
src/ui/screens/ColorsScreen.tsx(482,51): error TS2345: Argument of type 'string | undefined' is not assignable to parameter of type 'string'.
  Type 'undefined' is not assignable to type 'string'.
src/ui/screens/ColorsScreen.tsx(509,31): error TS2345: Argument of type 'string | undefined' is not assignable to parameter of type 'string'.
  Type 'undefined' is not assignable to type 'string'.
src/ui/screens/ColorsScreen.tsx(514,68): error TS2345: Argument of type 'string | undefined' is not assignable to parameter of type 'string'.
  Type 'undefined' is not assignable to type 'string'.
src/ui/screens/ColorsScreen.tsx(516,31): error TS2345: Argument of type 'string | undefined' is not assignable to parameter of type 'string'.
  Type 'undefined' is not assignable to type 'string'.
src/ui/screens/ColorsScreen.tsx(569,28): error TS2322: Type '(string | undefined)[]' is not assignable to type '(UniqueIdentifier | { id: UniqueIdentifier; })[]'.
  Type 'string | undefined' is not assignable to type 'UniqueIdentifier | { id: UniqueIdentifier; }'.
    Type 'undefined' is not assignable to type 'UniqueIdentifier | { id: UniqueIdentifier; }'.
src/ui/screens/ColorsScreen.tsx(571,100): error TS2345: Argument of type 'string | undefined' is not assignable to parameter of type 'string'.
  Type 'undefined' is not assignable to type 'string'.
src/ui/screens/ExportSheet.tsx(263,21): error TS2322: Type 'ExportFormat | null' is not assignable to type 'boolean | undefined'.
  Type 'null' is not assignable to type 'boolean | undefined'.
src/ui/screens/PreviewScreen.tsx(34,15): error TS2339: Property 'localBg' does not exist on type '{ localBgResolved: Record<string, string> | null; localBgTokenRef: string | null; localBgDynamicRef: string | null; }'.
src/ui/screens/ProjectScreen.tsx(44,85): error TS2322: Type 'string | true | null' is not assignable to type 'boolean | undefined'.
  Type 'null' is not assignable to type 'boolean | undefined'.
src/ui/screens/ProjectScreen.tsx(107,9): error TS2322: Type 'string | null' is not assignable to type 'boolean'.
  Type 'null' is not assignable to type 'boolean'.
src/ui/screens/ProjectScreen.tsx(121,9): error TS2322: Type 'string | null' is not assignable to type 'boolean'.
  Type 'null' is not assignable to type 'boolean'.
src/ui/screens/ProjectScreen.tsx(135,9): error TS2322: Type 'ProjectStore | null' is not assignable to type 'boolean'.
  Type 'null' is not assignable to type 'boolean'.
src/ui/screens/RolesScreen.tsx(65,98): error TS2322: Type 'string | undefined' is not assignable to type 'UniqueIdentifier'.
  Type 'undefined' is not assignable to type 'UniqueIdentifier'.
src/ui/screens/RolesScreen.tsx(73,24): error TS2345: Argument of type 'string | undefined' is not assignable to parameter of type 'string'.
  Type 'undefined' is not assignable to type 'string'.
src/ui/screens/RolesScreen.tsx(89,57): error TS2345: Argument of type 'Role[]' is not assignable to parameter of type '{ _id: string; name: string; }[]'.
  Type 'Role' is not assignable to type '{ _id: string; name: string; }'.
    Types of property '_id' are incompatible.
      Type 'string | undefined' is not assignable to type 'string'.
        Type 'undefined' is not assignable to type 'string'.
src/ui/screens/RolesScreen.tsx(100,63): error TS2345: Argument of type 'string | undefined' is not assignable to parameter of type 'string'.
  Type 'undefined' is not assignable to type 'string'.
src/ui/screens/RolesScreen.tsx(102,27): error TS2345: Argument of type 'string | undefined' is not assignable to parameter of type 'string'.
  Type 'undefined' is not assignable to type 'string'.
src/ui/screens/RolesScreen.tsx(109,27): error TS2345: Argument of type 'string | undefined' is not assignable to parameter of type 'string'.
  Type 'undefined' is not assignable to type 'string'.
src/ui/screens/RolesScreen.tsx(116,39): error TS2345: Argument of type 'string | undefined' is not assignable to parameter of type 'string'.
  Type 'undefined' is not assignable to type 'string'.
src/ui/screens/RolesScreen.tsx(125,60): error TS2345: Argument of type 'Set<string | undefined>' is not assignable to parameter of type 'SetStateAction<Set<string>>'.
  Type 'Set<string | undefined>' is not assignable to type 'Set<string>'.
    Type 'string | undefined' is not assignable to type 'string'.
      Type 'undefined' is not assignable to type 'string'.
src/ui/screens/RolesScreen.tsx(196,32): error TS2345: Argument of type 'string | undefined' is not assignable to parameter of type 'string'.
  Type 'undefined' is not assignable to type 'string'.
src/ui/screens/RolesScreen.tsx(202,67): error TS2345: Argument of type 'string | undefined' is not assignable to parameter of type 'string'.
  Type 'undefined' is not assignable to type 'string'.
src/ui/screens/RolesScreen.tsx(204,32): error TS2345: Argument of type 'string | undefined' is not assignable to parameter of type 'string'.
  Type 'undefined' is not assignable to type 'string'.
src/ui/screens/RolesScreen.tsx(274,33): error TS2345: Argument of type 'string | undefined' is not assignable to parameter of type 'string'.
  Type 'undefined' is not assignable to type 'string'.
src/ui/screens/RolesScreen.tsx(294,35): error TS2345: Argument of type 'string | undefined' is not assignable to parameter of type 'string'.
  Type 'undefined' is not assignable to type 'string'.
src/ui/screens/RolesScreen.tsx(335,107): error TS2554: Expected 2 arguments, but got 4.
src/ui/screens/RolesScreen.tsx(348,28): error TS2739: Type '{ _id: string; name: string; }' is missing the following properties from type 'Role': shorthand, mappingMethod, variations
src/ui/screens/RolesScreen.tsx(388,32): error TS2345: Argument of type 'string | undefined' is not assignable to parameter of type 'string'.
  Type 'undefined' is not assignable to type 'string'.
src/ui/screens/RolesScreen.tsx(438,51): error TS2345: Argument of type 'string | undefined' is not assignable to parameter of type 'string'.
  Type 'undefined' is not assignable to type 'string'.
src/ui/screens/RolesScreen.tsx(465,31): error TS2345: Argument of type 'string | undefined' is not assignable to parameter of type 'string'.
  Type 'undefined' is not assignable to type 'string'.
src/ui/screens/RolesScreen.tsx(470,67): error TS2345: Argument of type 'string | undefined' is not assignable to parameter of type 'string'.
  Type 'undefined' is not assignable to type 'string'.
src/ui/screens/RolesScreen.tsx(472,31): error TS2345: Argument of type 'string | undefined' is not assignable to parameter of type 'string'.
  Type 'undefined' is not assignable to type 'string'.
src/ui/screens/RolesScreen.tsx(525,28): error TS2322: Type '(string | undefined)[]' is not assignable to type '(UniqueIdentifier | { id: UniqueIdentifier; })[]'.
  Type 'string | undefined' is not assignable to type 'UniqueIdentifier | { id: UniqueIdentifier; }'.
    Type 'undefined' is not assignable to type 'UniqueIdentifier | { id: UniqueIdentifier; }'.
src/ui/screens/RolesScreen.tsx(527,96): error TS2345: Argument of type 'string | undefined' is not assignable to parameter of type 'string'.
  Type 'undefined' is not assignable to type 'string'.
src/ui/screens/RolesScreen.tsx(536,71): error TS2345: Argument of type 'string | undefined' is not assignable to parameter of type 'string'.
  Type 'undefined' is not assignable to type 'string'.
src/ui/screens/RolesScreen.tsx(538,35): error TS2345: Argument of type 'string | undefined' is not assignable to parameter of type 'string'.
  Type 'undefined' is not assignable to type 'string'.
src/ui/screens/RolesScreen.tsx(544,35): error TS2345: Argument of type 'string | undefined' is not assignable to parameter of type 'string'.
  Type 'undefined' is not assignable to type 'string'.
src/ui/screens/RolesScreen.tsx(550,47): error TS2345: Argument of type 'string | undefined' is not assignable to parameter of type 'string'.
  Type 'undefined' is not assignable to type 'string'.
src/ui/screens/RolesScreen.tsx(557,45): error TS2345: Argument of type 'Set<string | undefined>' is not assignable to parameter of type 'SetStateAction<Set<string>>'.
  Type 'Set<string | undefined>' is not assignable to type 'Set<string>'.
    Type 'string | undefined' is not assignable to type 'string'.
      Type 'undefined' is not assignable to type 'string'.
src/ui/screens/SavedStatesScreen.tsx(39,85): error TS2322: Type 'string | true | null' is not assignable to type 'boolean | undefined'.
  Type 'null' is not assignable to type 'boolean | undefined'.
src/ui/screens/SavedStatesScreen.tsx(58,9): error TS2322: Type 'string | null' is not assignable to type 'boolean'.
  Type 'null' is not assignable to type 'boolean'.
src/ui/screens/SavedStatesScreen.tsx(70,9): error TS2322: Type 'string | null' is not assignable to type 'boolean'.
  Type 'null' is not assignable to type 'boolean'.
src/ui/screens/testLab.tsx(119,57): error TS2345: Argument of type 'Color[]' is not assignable to parameter of type '{ _id: string; name: string; }[]'.
  Type 'Color' is not assignable to type '{ _id: string; name: string; }'.
    Types of property '_id' are incompatible.
      Type 'string | undefined' is not assignable to type 'string'.
        Type 'undefined' is not assignable to type 'string'.
src/ui/screens/testLab.tsx(145,32): error TS2345: Argument of type 'string | undefined' is not assignable to parameter of type 'string'.
  Type 'undefined' is not assignable to type 'string'.
src/ui/screens/testLab.tsx(153,32): error TS2345: Argument of type 'string | undefined' is not assignable to parameter of type 'string'.
  Type 'undefined' is not assignable to type 'string'.
src/ui/screens/testLab.tsx(289,29): error TS2739: Type '{ _id: string; name: string; }' is missing the following properties from type 'Color': shorthand, value
src/ui/screens/testLab.tsx(338,36): error TS2345: Argument of type 'string | undefined' is not assignable to parameter of type 'string'.
  Type 'undefined' is not assignable to type 'string'.
src/ui/screens/testLab.tsx(345,36): error TS2345: Argument of type 'string | undefined' is not assignable to parameter of type 'string'.
  Type 'undefined' is not assignable to type 'string'.
src/ui/screens/testLab.tsx(352,47): error TS2345: Argument of type 'string | undefined' is not assignable to parameter of type 'string'.
  Type 'undefined' is not assignable to type 'string'.
src/ui/screens/testLab.tsx(359,45): error TS2345: Argument of type 'Set<string | undefined>' is not assignable to parameter of type 'SetStateAction<Set<string>>'.
  Type 'Set<string | undefined>' is not assignable to type 'Set<string>'.
    Type 'string | undefined' is not assignable to type 'string'.
      Type 'undefined' is not assignable to type 'string'.
src/ui/screens/testLab.tsx(370,57): error TS2345: Argument of type 'Role[]' is not assignable to parameter of type '{ _id: string; name: string; }[]'.
  Type 'Role' is not assignable to type '{ _id: string; name: string; }'.
    Types of property '_id' are incompatible.
      Type 'string | undefined' is not assignable to type 'string'.
        Type 'undefined' is not assignable to type 'string'.
src/ui/screens/testLab.tsx(394,32): error TS2345: Argument of type 'string | undefined' is not assignable to parameter of type 'string'.
  Type 'undefined' is not assignable to type 'string'.
src/ui/screens/testLab.tsx(401,32): error TS2345: Argument of type 'string | undefined' is not assignable to parameter of type 'string'.
  Type 'undefined' is not assignable to type 'string'.
src/ui/screens/testLab.tsx(516,67): error TS2554: Expected 2 arguments, but got 4.
src/ui/screens/testLab.tsx(529,28): error TS2739: Type '{ _id: string; name: string; }' is missing the following properties from type 'Role': shorthand, mappingMethod, variations
src/ui/screens/testLab.tsx(577,36): error TS2345: Argument of type 'string | undefined' is not assignable to parameter of type 'string'.
  Type 'undefined' is not assignable to type 'string'.
src/ui/screens/testLab.tsx(584,36): error TS2345: Argument of type 'string | undefined' is not assignable to parameter of type 'string'.
  Type 'undefined' is not assignable to type 'string'.
src/ui/screens/testLab.tsx(591,47): error TS2345: Argument of type 'string | undefined' is not assignable to parameter of type 'string'.
  Type 'undefined' is not assignable to type 'string'.
src/ui/screens/testLab.tsx(598,45): error TS2345: Argument of type 'Set<string | undefined>' is not assignable to parameter of type 'SetStateAction<Set<string>>'.
  Type 'Set<string | undefined>' is not assignable to type 'Set<string>'.
    Type 'string | undefined' is not assignable to type 'string'.
      Type 'undefined' is not assignable to type 'string'.
src/ui/screens/testLab.tsx(695,64): error TS2554: Expected 2 arguments, but got 4.
src/ui/screens/testLab.tsx(741,46): error TS2554: Expected 2 arguments, but got 4.
src/ui/screens/ThemesScreen.tsx(62,9): error TS2322: Type 'Preset | null' is not assignable to type 'boolean'.
  Type 'null' is not assignable to type 'boolean'.
